2026-08-13 11:43:24 INFO  BaseTest - =========================================================
2026-08-13 11:43:24 INFO  PropertyUtils - Loaded base configuration from [C:\Users\Yashasa\eclipse-workspace\zomatoApp\src\main\resources\config.properties]
2026-08-13 11:43:24 INFO  PropertyUtils - Applied environment overrides for [qa] from [C:\Users\Yashasa\eclipse-workspace\zomatoApp\src\main\resources\config-qa.properties]
2026-08-13 11:43:24 INFO  BaseTest -  TEST SUITE EXECUTION STARTED | environment=[qa] | browser=[chrome]
2026-08-13 11:43:24 INFO  BaseTest - =========================================================
2026-08-13 11:43:24 INFO  BaseTest - ---- Starting test [validLogin] on thread [1] ----
2026-08-13 11:43:24 INFO  DriverFactory - Initializing WebDriver | browser=[chrome] | headless=[false] | thread=[1]
2026-08-13 11:43:25 INFO  WebDriverManager - Using chromedriver 151.0.7922.138 (resolved driver for Chrome 151)
2026-08-13 11:43:25 INFO  WebDriverManager - Exporting webdriver.chrome.driver as C:\Users\Yashasa\.cache\selenium\chromedriver\win64\151.0.7922.138\chromedriver.exe
2026-08-13 11:43:26 INFO  DriverFactory - WebDriver ready | browser=[chrome] | thread=[1]
2026-08-13 11:43:26 INFO  BaseTest - Navigating to application URL: [https://www.zomato.com/bangalore/restaurants]
2026-08-13 11:43:30 INFO  BasePage - Switched to authentication iframe: [By.cssSelector: iframe#auth-login-ui, iframe[src*='accounts.zomato.com'], iframe[id*='auth']]
2026-08-13 11:44:01 INFO  BasePage - Fetching OTP from Gmail via IMAP...
2026-08-13 11:44:01 INFO  EmailUtils - Polling Gmail inbox [contact.yashasy@gmail.com] for Zomato OTP email (timeout=35s)...
2026-08-13 11:44:06 INFO  EmailUtils - Successfully fetched Zomato OTP from email: [2B7RU3]
2026-08-13 11:44:07 INFO  BasePage - Entering OTP code: [2B7RU3]
2026-08-13 11:44:07 INFO  BasePage - Switched back to default content
2026-08-13 11:44:27 INFO  BasePage - Auth iframe is now closed/invisible
2026-08-13 11:47:21 INFO  BaseTest - =========================================================
2026-08-13 11:47:21 INFO  PropertyUtils - Loaded base configuration from [C:\Users\Yashasa\eclipse-workspace\zomatoApp\src\main\resources\config.properties]
2026-08-13 11:47:21 INFO  PropertyUtils - Applied environment overrides for [qa] from [C:\Users\Yashasa\eclipse-workspace\zomatoApp\src\main\resources\config-qa.properties]
2026-08-13 11:47:21 INFO  BaseTest -  TEST SUITE EXECUTION STARTED | environment=[qa] | browser=[chrome]
2026-08-13 11:47:21 INFO  BaseTest - =========================================================
2026-08-13 11:47:21 INFO  BaseTest - ---- Starting test [verifyUserIsAbleToDeleteProfileImage] on thread [1] ----
2026-08-13 11:47:21 INFO  DriverFactory - Initializing WebDriver | browser=[chrome] | headless=[false] | thread=[1]
2026-08-13 11:47:21 INFO  WebDriverManager - Using chromedriver 151.0.7922.138 (resolved driver for Chrome 151)
2026-08-13 11:47:21 INFO  WebDriverManager - Exporting webdriver.chrome.driver as C:\Users\Yashasa\.cache\selenium\chromedriver\win64\151.0.7922.138\chromedriver.exe
2026-08-13 11:47:22 INFO  DriverFactory - WebDriver ready | browser=[chrome] | thread=[1]
2026-08-13 11:47:22 INFO  BaseTest - Navigating to application URL: [https://www.zomato.com/bangalore/restaurants]
2026-08-13 11:47:27 INFO  BasePage - Switched to authentication iframe: [By.cssSelector: iframe#auth-login-ui, iframe[src*='accounts.zomato.com'], iframe[id*='auth']]
2026-08-13 11:47:58 INFO  BasePage - Fetching OTP from Gmail via IMAP...
2026-08-13 11:47:58 INFO  EmailUtils - Polling Gmail inbox [contact.yashasy@gmail.com] for Zomato OTP email (timeout=35s)...
2026-08-13 11:48:07 INFO  EmailUtils - Successfully fetched Zomato OTP from email: [CY3U4S]
2026-08-13 11:48:08 INFO  BasePage - Entering OTP code: [CY3U4S]
2026-08-13 11:48:09 INFO  BasePage - Switched back to default content
2026-08-13 11:48:10 INFO  BasePage - Auth iframe is now closed/invisible
2026-08-13 11:48:13 INFO  BasePage - Clicking Edit profile button
2026-08-13 11:48:13 INFO  BasePage - Clicking 2nd camera icon...
2026-08-13 11:48:14 INFO  BasePage - Clicking Delete Photo option
2026-08-13 11:48:14 INFO  BasePage - Clicking Yes on Delete Photo confirmation modal
2026-08-13 11:48:14 INFO  BasePage - Verifying 'Profile picture removed successfully' message...
2026-08-13 11:54:40 INFO  BaseTest - =========================================================
2026-08-13 11:54:40 INFO  PropertyUtils - Loaded base configuration from [C:\Users\Yashasa\eclipse-workspace\zomatoApp\src\main\resources\config.properties]
2026-08-13 11:54:40 INFO  PropertyUtils - Applied environment overrides for [qa] from [C:\Users\Yashasa\eclipse-workspace\zomatoApp\src\main\resources\config-qa.properties]
2026-08-13 11:54:40 INFO  BaseTest -  TEST SUITE EXECUTION STARTED | environment=[qa] | browser=[chrome]
2026-08-13 11:54:40 INFO  BaseTest - =========================================================
2026-08-13 11:54:40 INFO  TestListener - TestListener attached | test-tag=[Test] | environment=[qa] | browser=[chrome]
2026-08-13 11:54:40 INFO  BaseTest - ---- Starting test [verifyUserIsAbleToDeleteProfileImage] on thread [1] ----
2026-08-13 11:54:40 INFO  DriverFactory - Initializing WebDriver | browser=[chrome] | headless=[false] | thread=[1]
2026-08-13 11:54:41 INFO  WebDriverManager - Using chromedriver 151.0.7922.138 (resolved driver for Chrome 151)
2026-08-13 11:54:41 INFO  WebDriverManager - Exporting webdriver.chrome.driver as C:\Users\Yashasa\.cache\selenium\chromedriver\win64\151.0.7922.138\chromedriver.exe
2026-08-13 11:54:42 INFO  DriverFactory - WebDriver ready | browser=[chrome] | thread=[1]
2026-08-13 11:54:42 INFO  BaseTest - Navigating to application URL: [https://www.zomato.com/bangalore/restaurants]
2026-08-13 11:54:46 INFO  ExtentManager - ExtentReports initialized. Report will be written to [C:\Users\Yashasa\eclipse-workspace\zomatoApp\reports\ExtentReport.html]
2026-08-13 11:54:46 INFO  TestListener - Test started: [VerifyDeleteProfileImage.verifyUserIsAbleToDeleteProfileImage]
2026-08-13 11:54:46 INFO  BasePage - Switched to authentication iframe: [By.cssSelector: iframe#auth-login-ui, iframe[src*='accounts.zomato.com'], iframe[id*='auth']]
2026-08-13 11:55:17 INFO  BasePage - Fetching OTP from Gmail via IMAP...
2026-08-13 11:55:17 INFO  EmailUtils - Polling Gmail inbox [contact.yashasy@gmail.com] for Zomato OTP email (timeout=35s)...
2026-08-13 11:55:22 INFO  EmailUtils - Successfully fetched Zomato OTP from email: [CE4F3H]
2026-08-13 11:55:23 INFO  BasePage - Entering OTP code: [CE4F3H]
2026-08-13 11:55:23 INFO  BasePage - Switched back to default content
2026-08-13 11:55:39 INFO  BasePage - Auth iframe is now closed/invisible
2026-08-13 11:55:41 INFO  BasePage - Clicking Edit profile button
2026-08-13 11:55:41 INFO  BasePage - Clicking 2nd camera icon...
2026-08-13 11:55:41 INFO  BasePage - Clicking Delete Photo option
2026-08-13 11:55:41 INFO  BasePage - Clicking Yes on Delete Photo confirmation modal
2026-08-13 11:55:41 INFO  BasePage - Verifying 'Profile picture removed successfully' message...
2026-08-13 11:55:41 INFO  ExtentReport - Test passed in 55939 ms
2026-08-13 11:55:41 INFO  TestListener - Test PASSED: [VerifyDeleteProfileImage.verifyUserIsAbleToDeleteProfileImage] (55939 ms)
2026-08-13 11:55:41 INFO  BaseTest - ---- Starting test [verifyProfileFunctionality] on thread [1] ----
2026-08-13 11:55:41 INFO  DriverFactory - Initializing WebDriver | browser=[chrome] | headless=[false] | thread=[1]
2026-08-13 11:55:41 INFO  WebDriverManager - Using chromedriver 151.0.7922.138 (resolved driver for Chrome 151)
2026-08-13 11:55:41 INFO  WebDriverManager - Exporting webdriver.chrome.driver as C:\Users\Yashasa\.cache\selenium\chromedriver\win64\151.0.7922.138\chromedriver.exe
2026-08-13 11:55:42 INFO  DriverFactory - WebDriver ready | browser=[chrome] | thread=[1]
2026-08-13 11:55:42 INFO  BaseTest - Navigating to application URL: [https://www.zomato.com/bangalore/restaurants]
2026-08-13 11:55:46 INFO  TestListener - Test started: [VerifyTheProfilefunctionality.verifyProfileFunctionality]
2026-08-13 11:55:46 INFO  BasePage - Switched to authentication iframe: [By.cssSelector: iframe#auth-login-ui, iframe[src*='accounts.zomato.com'], iframe[id*='auth']]
2026-08-13 11:56:17 INFO  BasePage - Fetching OTP from Gmail via IMAP...
2026-08-13 11:56:17 INFO  EmailUtils - Polling Gmail inbox [contact.yashasy@gmail.com] for Zomato OTP email (timeout=35s)...
2026-08-13 11:56:22 INFO  EmailUtils - Successfully fetched Zomato OTP from email: [EXR9VT]
2026-08-13 11:56:23 INFO  BasePage - Entering OTP code: [EXR9VT]
2026-08-13 11:56:23 INFO  BasePage - Switched back to default content
2026-08-13 11:56:41 INFO  BasePage - Auth iframe is now closed/invisible
2026-08-13 11:56:43 INFO  ExtentReport - Test passed in 57189 ms
2026-08-13 11:56:43 INFO  TestListener - Test PASSED: [VerifyTheProfilefunctionality.verifyProfileFunctionality] (57189 ms)
2026-08-13 11:56:43 INFO  BaseTest - ---- Starting test [verifyTheRecentlyViewed] on thread [1] ----
2026-08-13 11:56:43 INFO  DriverFactory - Initializing WebDriver | browser=[chrome] | headless=[false] | thread=[1]
2026-08-13 11:56:43 INFO  WebDriverManager - Using chromedriver 151.0.7922.138 (resolved driver for Chrome 151)
2026-08-13 11:56:43 INFO  WebDriverManager - Exporting webdriver.chrome.driver as C:\Users\Yashasa\.cache\selenium\chromedriver\win64\151.0.7922.138\chromedriver.exe
2026-08-13 11:56:44 INFO  DriverFactory - WebDriver ready | browser=[chrome] | thread=[1]
2026-08-13 11:56:44 INFO  BaseTest - Navigating to application URL: [https://www.zomato.com/bangalore/restaurants]
2026-08-13 11:56:49 INFO  TestListener - Test started: [VerifyTheRecentlyViewed.verifyTheRecentlyViewed]
2026-08-13 11:56:49 INFO  BasePage - Switched to authentication iframe: [By.cssSelector: iframe#auth-login-ui, iframe[src*='accounts.zomato.com'], iframe[id*='auth']]
2026-08-13 11:57:20 INFO  BasePage - Fetching OTP from Gmail via IMAP...
2026-08-13 11:57:20 INFO  EmailUtils - Polling Gmail inbox [contact.yashasy@gmail.com] for Zomato OTP email (timeout=35s)...
2026-08-13 11:57:24 INFO  EmailUtils - Successfully fetched Zomato OTP from email: [HPTRQN]
2026-08-13 11:57:26 INFO  BasePage - Entering OTP code: [HPTRQN]
2026-08-13 11:57:26 INFO  BasePage - Switched back to default content
2026-08-13 11:57:27 INFO  BasePage - Auth iframe is now closed/invisible
2026-08-13 11:57:27 INFO  BasePage - Click on search textfield
2026-08-13 11:57:30 INFO  BasePage - Entering panner
2026-08-13 11:57:45 ERROR TestListener - Test FAILED: [VerifyTheRecentlyViewed.verifyTheRecentlyViewed] - Expected condition failed: waiting for element to be clickable: [[ChromeDriver: chrome on windows (ae9fd26fdaa2de16b4f4c4266d04cb7f)] -> xpath: //input[@placeholder="Search for restaurant, cuisine or a dish"]/following-sibling::div/div[1]] (tried for 15 second(s) with 500 milliseconds interval)
Build info: version: '4.24.0', revision: '748ffc9bc3'
System info: os.name: 'Windows 11', os.arch: 'amd64', os.version: '10.0', java.version: '23'
Driver info: org.openqa.selenium.chrome.ChromeDriver
Capabilities {acceptInsecureCerts: false, browserName: chrome, browserVersion: 151.0.7922.109, chrome: {chromedriverVersion: 151.0.7922.138 (41fa8244239..., userDataDir: C:\Users\Yashasa\AppData\Lo...}, fedcm:accounts: true, goog:chromeOptions: {debuggerAddress: localhost:60241}, goog:processID: 5520, networkConnectionEnabled: false, pageLoadStrategy: normal, platformName: windows, proxy: Proxy(), se:cdp: ws://localhost:60241/devtoo..., se:cdpVersion: 151.0.7922.109, setWindowRect: true, strictFileInteractability: false, timeouts: {implicit: 0, pageLoad: 300000, script: 30000}, unhandledPromptBehavior: dismiss and notify, webauthn:extension:credBlob: true, webauthn:extension:largeBlob: true, webauthn:extension:minPinLength: true, webauthn:extension:prf: true, webauthn:virtualAuthenticators: true}
Session ID: ae9fd26fdaa2de16b4f4c4266d04cb7f
org.openqa.selenium.TimeoutException: Expected condition failed: waiting for element to be clickable: [[ChromeDriver: chrome on windows (ae9fd26fdaa2de16b4f4c4266d04cb7f)] -> xpath: //input[@placeholder="Search for restaurant, cuisine or a dish"]/following-sibling::div/div[1]] (tried for 15 second(s) with 500 milliseconds interval)
Build info: version: '4.24.0', revision: '748ffc9bc3'
System info: os.name: 'Windows 11', os.arch: 'amd64', os.version: '10.0', java.version: '23'
Driver info: org.openqa.selenium.chrome.ChromeDriver
Capabilities {acceptInsecureCerts: false, browserName: chrome, browserVersion: 151.0.7922.109, chrome: {chromedriverVersion: 151.0.7922.138 (41fa8244239..., userDataDir: C:\Users\Yashasa\AppData\Lo...}, fedcm:accounts: true, goog:chromeOptions: {debuggerAddress: localhost:60241}, goog:processID: 5520, networkConnectionEnabled: false, pageLoadStrategy: normal, platformName: windows, proxy: Proxy(), se:cdp: ws://localhost:60241/devtoo..., se:cdpVersion: 151.0.7922.109, setWindowRect: true, strictFileInteractability: false, timeouts: {implicit: 0, pageLoad: 300000, script: 30000}, unhandledPromptBehavior: dismiss and notify, webauthn:extension:credBlob: true, webauthn:extension:largeBlob: true, webauthn:extension:minPinLength: true, webauthn:extension:prf: true, webauthn:virtualAuthenticators: true}
Session ID: ae9fd26fdaa2de16b4f4c4266d04cb7f
	at org.openqa.selenium.support.ui.WebDriverWait.timeoutException(WebDriverWait.java:84) ~[selenium-support-4.24.0.jar:?]
	at org.openqa.selenium.support.ui.FluentWait.until(FluentWait.java:228) ~[selenium-support-4.24.0.jar:?]
	at com.company.framework.utils.WaitUtils.waitForElementClickable(WaitUtils.java:73) ~[classes/:?]
	at com.company.framework.base.BasePage.click(BasePage.java:49) ~[classes/:?]
	at com.company.framework.pages.HomePage.enterDataInSearchTF(HomePage.java:65) ~[classes/:?]
	at com.company.tests.VerifyTheRecentlyViewed.verifyTheRecentlyViewed(VerifyTheRecentlyViewed.java:20) ~[test-classes/:?]
	at java.base/jdk.internal.reflect.DirectMethodHandleAccessor.invoke(DirectMethodHandleAccessor.java:103) ~[?:?]
	at java.base/java.lang.reflect.Method.invoke(Method.java:580) ~[?:?]
	at org.testng.internal.invokers.MethodInvocationHelper.invokeMethod(MethodInvocationHelper.java:141) ~[testng-7.10.2.jar:7.10.2]
	at org.testng.internal.invokers.TestInvoker.invokeMethod(TestInvoker.java:686) ~[testng-7.10.2.jar:7.10.2]
	at org.testng.internal.invokers.TestInvoker.invokeTestMethod(TestInvoker.java:230) ~[testng-7.10.2.jar:7.10.2]
	at org.testng.internal.invokers.MethodRunner.runInSequence(MethodRunner.java:63) ~[testng-7.10.2.jar:7.10.2]
	at org.testng.internal.invokers.TestInvoker$MethodInvocationAgent.invoke(TestInvoker.java:992) ~[testng-7.10.2.jar:7.10.2]
	at org.testng.internal.invokers.TestInvoker.invokeTestMethods(TestInvoker.java:203) ~[testng-7.10.2.jar:7.10.2]
	at org.testng.internal.invokers.TestMethodWorker.invokeTestMethods(TestMethodWorker.java:154) ~[testng-7.10.2.jar:7.10.2]
	at org.testng.internal.invokers.TestMethodWorker.run(TestMethodWorker.java:134) ~[testng-7.10.2.jar:7.10.2]
	at java.base/java.util.ArrayList.forEach(ArrayList.java:1597) [?:?]
	at org.testng.TestRunner.privateRun(TestRunner.java:739) [testng-7.10.2.jar:7.10.2]
	at org.testng.TestRunner.run(TestRunner.java:614) [testng-7.10.2.jar:7.10.2]
	at org.testng.SuiteRunner.runTest(SuiteRunner.java:421) [testng-7.10.2.jar:7.10.2]
	at org.testng.SuiteRunner.runSequentially(SuiteRunner.java:413) [testng-7.10.2.jar:7.10.2]
	at org.testng.SuiteRunner.privateRun(SuiteRunner.java:373) [testng-7.10.2.jar:7.10.2]
	at org.testng.SuiteRunner.run(SuiteRunner.java:312) [testng-7.10.2.jar:7.10.2]
	at org.testng.SuiteRunnerWorker.runSuite(SuiteRunnerWorker.java:52) [testng-7.10.2.jar:7.10.2]
	at org.testng.SuiteRunnerWorker.run(SuiteRunnerWorker.java:95) [testng-7.10.2.jar:7.10.2]
	at org.testng.TestNG.runSuitesSequentially(TestNG.java:1274) [testng-7.10.2.jar:7.10.2]
	at org.testng.TestNG.runSuitesLocally(TestNG.java:1208) [testng-7.10.2.jar:7.10.2]
	at org.testng.TestNG.runSuites(TestNG.java:1112) [testng-7.10.2.jar:7.10.2]
	at org.testng.TestNG.run(TestNG.java:1079) [testng-7.10.2.jar:7.10.2]
	at org.apache.maven.surefire.testng.TestNGExecutor.run(TestNGExecutor.java:308) [surefire-testng-3.3.1.jar:3.3.1]
	at org.apache.maven.surefire.testng.TestNGXmlTestSuite.execute(TestNGXmlTestSuite.java:71) [surefire-testng-3.3.1.jar:3.3.1]
	at org.apache.maven.surefire.testng.TestNGProvider.invoke(TestNGProvider.java:113) [surefire-testng-3.3.1.jar:3.3.1]
	at org.apache.maven.surefire.booter.ForkedBooter.runSuitesInProcess(ForkedBooter.java:385) [surefire-booter-3.3.1.jar:3.3.1]
	at org.apache.maven.surefire.booter.ForkedBooter.execute(ForkedBooter.java:162) [surefire-booter-3.3.1.jar:3.3.1]
	at org.apache.maven.surefire.booter.ForkedBooter.run(ForkedBooter.java:507) [surefire-booter-3.3.1.jar:3.3.1]
	at org.apache.maven.surefire.booter.ForkedBooter.main(ForkedBooter.java:495) [surefire-booter-3.3.1.jar:3.3.1]
2026-08-13 11:57:46 INFO  ScreenshotUtils - Screenshot captured for [VerifyTheRecentlyViewed_verifyTheRecentlyViewed] -> [C:\Users\Yashasa\eclipse-workspace\zomatoApp\screenshots\VerifyTheRecentlyViewed_verifyTheRecentlyViewed_20260813_115745.png]
2026-08-13 11:57:46 ERROR ExtentReport - Test failed: Expected condition failed: waiting for element to be clickable: [[ChromeDriver: chrome on windows (ae9fd26fdaa2de16b4f4c4266d04cb7f)] -> xpath: //input[@placeholder="Search for restaurant, cuisine or a dish"]/following-sibling::div/div[1]] (tried for 15 second(s) with 500 milliseconds interval)
Build info: version: '4.24.0', revision: '748ffc9bc3'
System info: os.name: 'Windows 11', os.arch: 'amd64', os.version: '10.0', java.version: '23'
Driver info: org.openqa.selenium.chrome.ChromeDriver
Capabilities {acceptInsecureCerts: false, browserName: chrome, browserVersion: 151.0.7922.109, chrome: {chromedriverVersion: 151.0.7922.138 (41fa8244239..., userDataDir: C:\Users\Yashasa\AppData\Lo...}, fedcm:accounts: true, goog:chromeOptions: {debuggerAddress: localhost:60241}, goog:processID: 5520, networkConnectionEnabled: false, pageLoadStrategy: normal, platformName: windows, proxy: Proxy(), se:cdp: ws://localhost:60241/devtoo..., se:cdpVersion: 151.0.7922.109, setWindowRect: true, strictFileInteractability: false, timeouts: {implicit: 0, pageLoad: 300000, script: 30000}, unhandledPromptBehavior: dismiss and notify, webauthn:extension:credBlob: true, webauthn:extension:largeBlob: true, webauthn:extension:minPinLength: true, webauthn:extension:prf: true, webauthn:virtualAuthenticators: true}
Session ID: ae9fd26fdaa2de16b4f4c4266d04cb7f
2026-08-13 11:57:46 ERROR ExtentReport - org.openqa.selenium.TimeoutException: Expected condition failed: waiting for element to be clickable: [[ChromeDriver: chrome on windows (ae9fd26fdaa2de16b4f4c4266d04cb7f)] -> xpath: //input[@placeholder="Search for restaurant, cuisine or a dish"]/following-sibling::div/div[1]] (tried for 15 second(s) with 500 milliseconds interval)
Build info: version: '4.24.0', revision: '748ffc9bc3'
System info: os.name: 'Windows 11', os.arch: 'amd64', os.version: '10.0', java.version: '23'
Driver info: org.openqa.selenium.chrome.ChromeDriver
Capabilities {acceptInsecureCerts: false, browserName: chrome, browserVersion: 151.0.7922.109, chrome: {chromedriverVersion: 151.0.7922.138 (41fa8244239..., userDataDir: C:\Users\Yashasa\AppData\Lo...}, fedcm:accounts: true, goog:chromeOptions: {debuggerAddress: localhost:60241}, goog:processID: 5520, networkConnectionEnabled: false, pageLoadStrategy: normal, platformName: windows, proxy: Proxy(), se:cdp: ws://localhost:60241/devtoo..., se:cdpVersion: 151.0.7922.109, setWindowRect: true, strictFileInteractability: false, timeouts: {implicit: 0, pageLoad: 300000, script: 30000}, unhandledPromptBehavior: dismiss and notify, webauthn:extension:credBlob: true, webauthn:extension:largeBlob: true, webauthn:extension:minPinLength: true, webauthn:extension:prf: true, webauthn:virtualAuthenticators: true}
Session ID: ae9fd26fdaa2de16b4f4c4266d04cb7f<br>&nbsp;&nbsp;&nbsp;&nbsp;at org.openqa.selenium.support.ui.WebDriverWait.timeoutException(WebDriverWait.java:84)<br>&nbsp;&nbsp;&nbsp;&nbsp;at org.openqa.selenium.support.ui.FluentWait.until(FluentWait.java:228)<br>&nbsp;&nbsp;&nbsp;&nbsp;at com.company.framework.utils.WaitUtils.waitForElementClickable(WaitUtils.java:73)<br>&nbsp;&nbsp;&nbsp;&nbsp;at com.company.framework.base.BasePage.click(BasePage.java:49)<br>&nbsp;&nbsp;&nbsp;&nbsp;at com.company.framework.pages.HomePage.enterDataInSearchTF(HomePage.java:65)<br>&nbsp;&nbsp;&nbsp;&nbsp;at com.company.tests.VerifyTheRecentlyViewed.verifyTheRecentlyViewed(VerifyTheRecentlyViewed.java:20)<br>&nbsp;&nbsp;&nbsp;&nbsp;... see logs/error.log for full stack trace
2026-08-13 11:57:46 INFO  BaseTest - ---- Starting test [validLogin] on thread [1] ----
2026-08-13 11:57:46 INFO  DriverFactory - Initializing WebDriver | browser=[chrome] | headless=[false] | thread=[1]
2026-08-13 11:57:46 INFO  WebDriverManager - Using chromedriver 151.0.7922.138 (resolved driver for Chrome 151)
2026-08-13 11:57:46 INFO  WebDriverManager - Exporting webdriver.chrome.driver as C:\Users\Yashasa\.cache\selenium\chromedriver\win64\151.0.7922.138\chromedriver.exe
2026-08-13 11:57:46 INFO  DriverFactory - WebDriver ready | browser=[chrome] | thread=[1]
2026-08-13 11:57:46 INFO  BaseTest - Navigating to application URL: [https://www.zomato.com/bangalore/restaurants]
2026-08-13 11:57:50 INFO  TestListener - Test started: [LoginToZomato.validLogin]
2026-08-13 11:57:50 INFO  BasePage - Switched to authentication iframe: [By.cssSelector: iframe#auth-login-ui, iframe[src*='accounts.zomato.com'], iframe[id*='auth']]
2026-08-13 11:58:21 INFO  BasePage - Fetching OTP from Gmail via IMAP...
2026-08-13 11:58:21 INFO  EmailUtils - Polling Gmail inbox [contact.yashasy@gmail.com] for Zomato OTP email (timeout=35s)...
2026-08-13 11:58:26 INFO  EmailUtils - Successfully fetched Zomato OTP from email: [DK7ZVF]
2026-08-13 11:58:27 INFO  BasePage - Entering OTP code: [DK7ZVF]
2026-08-13 11:58:27 INFO  BasePage - Switched back to default content
2026-08-13 11:58:45 INFO  BasePage - Auth iframe is now closed/invisible
2026-08-13 11:58:45 INFO  ExtentReport - Test passed in 55326 ms
2026-08-13 11:58:45 INFO  TestListener - Test PASSED: [LoginToZomato.validLogin] (55326 ms)
2026-08-13 11:58:45 INFO  BaseTest - ---- Starting test [verifyUserIsAbleToUploadImage] on thread [1] ----
2026-08-13 11:58:45 INFO  DriverFactory - Initializing WebDriver | browser=[chrome] | headless=[false] | thread=[1]
2026-08-13 11:58:45 INFO  WebDriverManager - Using chromedriver 151.0.7922.138 (resolved driver for Chrome 151)
2026-08-13 11:58:45 INFO  WebDriverManager - Exporting webdriver.chrome.driver as C:\Users\Yashasa\.cache\selenium\chromedriver\win64\151.0.7922.138\chromedriver.exe
2026-08-13 11:58:46 INFO  DriverFactory - WebDriver ready | browser=[chrome] | thread=[1]
2026-08-13 11:58:46 INFO  BaseTest - Navigating to application URL: [https://www.zomato.com/bangalore/restaurants]
2026-08-13 11:58:50 INFO  TestListener - Test started: [VerifyUploadImage.verifyUserIsAbleToUploadImage]
2026-08-13 11:58:50 INFO  BasePage - Switched to authentication iframe: [By.cssSelector: iframe#auth-login-ui, iframe[src*='accounts.zomato.com'], iframe[id*='auth']]
2026-08-13 11:59:21 INFO  BasePage - Fetching OTP from Gmail via IMAP...
2026-08-13 11:59:21 INFO  EmailUtils - Polling Gmail inbox [contact.yashasy@gmail.com] for Zomato OTP email (timeout=35s)...
2026-08-13 11:59:26 INFO  EmailUtils - Successfully fetched Zomato OTP from email: [37U6NZ]
2026-08-13 11:59:27 INFO  BasePage - Entering OTP code: [37U6NZ]
2026-08-13 11:59:28 INFO  BasePage - Switched back to default content
2026-08-13 11:59:44 INFO  BasePage - Auth iframe is now closed/invisible
2026-08-13 11:59:45 INFO  BasePage - Clicking Edit profile button
2026-08-13 11:59:45 INFO  BasePage - Clicking 2nd camera icon...
2026-08-13 11:59:45 INFO  BasePage - Clicking Change Photo option
2026-08-13 11:59:46 INFO  BasePage - Uploading image file: [C:\Users\Yashasa\Downloads\Screenshot 2026-08-11 114142.jpg]
2026-08-13 11:59:46 INFO  BasePage - Successfully sent file path to <input type='file'> element: [C:\Users\Yashasa\Downloads\Screenshot 2026-08-11 114142.jpg]
2026-08-13 11:59:46 INFO  BasePage - Clicking Update button
2026-08-13 11:59:46 INFO  BasePage - Verifying 'Profile updated successfully' message...
2026-08-13 11:59:46 INFO  ExtentReport - Test passed in 56043 ms
2026-08-13 11:59:46 INFO  TestListener - Test PASSED: [VerifyUploadImage.verifyUserIsAbleToUploadImage] (56043 ms)
2026-08-13 11:59:46 INFO  TestListener - Test tag [Test] finished | passed=[4] failed=[1] skipped=[0]
2026-08-13 11:59:46 INFO  ExtentManager - ExtentReports flushed to disk: [C:\Users\Yashasa\eclipse-workspace\zomatoApp\reports\ExtentReport.html]
2026-08-13 12:07:07 INFO  BaseTest - =========================================================
2026-08-13 12:07:07 INFO  PropertyUtils - Loaded base configuration from [C:\Users\Yashasa\eclipse-workspace\zomatoApp\src\main\resources\config.properties]
2026-08-13 12:07:07 INFO  PropertyUtils - Applied environment overrides for [qa] from [C:\Users\Yashasa\eclipse-workspace\zomatoApp\src\main\resources\config-qa.properties]
2026-08-13 12:07:07 INFO  BaseTest -  TEST SUITE EXECUTION STARTED | environment=[qa] | browser=[chrome]
2026-08-13 12:07:07 INFO  BaseTest - =========================================================
2026-08-13 12:07:07 INFO  BaseTest - ---- Starting test [verifyTheRecentlyViewed] on thread [1] ----
2026-08-13 12:07:07 INFO  DriverFactory - Initializing WebDriver | browser=[chrome] | headless=[false] | thread=[1]
2026-08-13 12:07:07 INFO  WebDriverManager - Using chromedriver 151.0.7922.138 (resolved driver for Chrome 151)
2026-08-13 12:07:07 INFO  WebDriverManager - Exporting webdriver.chrome.driver as C:\Users\Yashasa\.cache\selenium\chromedriver\win64\151.0.7922.138\chromedriver.exe
2026-08-13 12:07:08 INFO  DriverFactory - WebDriver ready | browser=[chrome] | thread=[1]
2026-08-13 12:07:08 INFO  BaseTest - Navigating to application URL: [https://www.zomato.com/bangalore/restaurants]
2026-08-13 12:07:13 INFO  BasePage - Switched to authentication iframe: [By.cssSelector: iframe#auth-login-ui, iframe[src*='accounts.zomato.com'], iframe[id*='auth']]
2026-08-13 12:07:43 INFO  BasePage - Fetching OTP from Gmail via IMAP...
2026-08-13 12:07:43 INFO  EmailUtils - Polling Gmail inbox [contact.yashasy@gmail.com] for Zomato OTP email (timeout=35s)...
2026-08-13 12:07:48 INFO  EmailUtils - Successfully fetched Zomato OTP from email: [QDCZXE]
2026-08-13 12:07:50 INFO  BasePage - Entering OTP code: [QDCZXE]
2026-08-13 12:07:50 INFO  BasePage - Switched back to default content
2026-08-13 12:08:06 INFO  BasePage - Auth iframe is now closed/invisible
2026-08-13 12:08:06 INFO  BasePage - Click on search textfield
2026-08-13 12:08:06 INFO  BasePage - Entering panner
2026-08-13 12:08:06 INFO  BasePage - click on the first resto
2026-08-13 12:14:45 INFO  Utils - [Utils] MethodGroupsHelper.collectMethodsByGroup() took 2 ms.
2026-08-13 12:14:45 INFO  Utils - [Utils] MethodGroupsHelper.sortMethods() took 8 ms.
2026-08-13 12:14:45 INFO  Utils - [Utils] MethodGroupsHelper.collectMethodsByGroup() took 0 ms.
2026-08-13 12:14:45 INFO  Utils - [Utils] MethodGroupsHelper.sortMethods() took 0 ms.
2026-08-13 12:14:45 INFO  Utils - [Utils] MethodGroupsHelper.collectMethodsByGroup() took 0 ms.
2026-08-13 12:14:45 INFO  Utils - [Utils] MethodGroupsHelper.sortMethods() took 0 ms.
2026-08-13 12:14:45 INFO  Utils - [Utils] MethodGroupsHelper.collectMethodsByGroup() took 0 ms.
2026-08-13 12:14:45 INFO  Utils - [Utils] MethodGroupsHelper.sortMethods() took 0 ms.
2026-08-13 12:14:45 INFO  Utils - [Utils] MethodGroupsHelper.collectMethodsByGroup() took 0 ms.
2026-08-13 12:14:45 INFO  Utils - [Utils] MethodGroupsHelper.sortMethods() took 0 ms.
2026-08-13 12:14:45 INFO  Utils - [Utils] MethodGroupsHelper.collectMethodsByGroup() took 0 ms.
2026-08-13 12:14:45 INFO  Utils - [Utils] MethodGroupsHelper.sortMethods() took 0 ms.
2026-08-13 12:14:45 INFO  Utils - [Utils] MethodGroupsHelper.collectMethodsByGroup() took 0 ms.
2026-08-13 12:14:45 INFO  Utils - [Utils] MethodGroupsHelper.sortMethods() took 0 ms.
2026-08-13 12:14:45 INFO  Utils - [Utils] MethodGroupsHelper.collectMethodsByGroup() took 0 ms.
2026-08-13 12:14:45 INFO  Utils - [Utils] MethodGroupsHelper.sortMethods() took 0 ms.
2026-08-13 12:14:45 INFO  Utils - [Utils] MethodGroupsHelper.collectMethodsByGroup() took 0 ms.
2026-08-13 12:14:45 INFO  Utils - [Utils] MethodGroupsHelper.sortMethods() took 0 ms.
2026-08-13 12:14:45 INFO  Utils - [Utils] MethodGroupsHelper.collectMethodsByGroup() took 0 ms.
2026-08-13 12:14:45 INFO  Utils - [Utils] MethodGroupsHelper.sortMethods() took 0 ms.
2026-08-13 12:14:45 INFO  Utils - [Utils] MethodGroupsHelper.collectMethodsByGroup() took 1 ms.
2026-08-13 12:14:45 INFO  Utils - [Utils] MethodGroupsHelper.sortMethods() took 0 ms.
2026-08-13 12:14:45 INFO  Utils - [Utils] MethodGroupsHelper.collectMethodsByGroup() took 0 ms.
2026-08-13 12:14:45 INFO  Utils - [Utils] MethodGroupsHelper.sortMethods() took 0 ms.
2026-08-13 12:14:45 INFO  Utils - [Utils] MethodGroupsHelper.collectMethodsByGroup() took 4 ms.
2026-08-13 12:14:45 INFO  Utils - [Utils] MethodGroupsHelper.sortMethods() took 0 ms.
2026-08-13 12:14:45 INFO  Utils - [Utils] MethodGroupsHelper.collectMethodsByGroup() took 0 ms.
2026-08-13 12:14:45 INFO  Utils - [Utils] MethodGroupsHelper.sortMethods() took 0 ms.
2026-08-13 12:14:45 INFO  Utils - [Utils] MethodGroupsHelper.collectMethodsByGroup() took 0 ms.
2026-08-13 12:14:45 INFO  Utils - [Utils] MethodGroupsHelper.sortMethods() took 0 ms.
2026-08-13 12:14:45 INFO  Utils - [TestNG] Running:
  C:\Users\Yashasa\AppData\Local\Temp\testng-eclipse--1336680838\testng-customsuite.xml

2026-08-13 12:14:45 INFO  BaseTest - =========================================================
2026-08-13 12:14:45 INFO  PropertyUtils - Loaded base configuration from [C:\Users\Yashasa\eclipse-workspace\zomatoApp\src\main\resources\config.properties]
2026-08-13 12:14:45 INFO  PropertyUtils - Applied environment overrides for [qa] from [C:\Users\Yashasa\eclipse-workspace\zomatoApp\src\main\resources\config-qa.properties]
2026-08-13 12:14:45 INFO  BaseTest -  TEST SUITE EXECUTION STARTED | environment=[qa] | browser=[chrome]
2026-08-13 12:14:45 INFO  BaseTest - =========================================================
2026-08-13 12:14:45 INFO  Utils - [Utils] DynamicGraphHelper.createDynamicGraph() took 5 ms.
2026-08-13 12:14:45 INFO  BaseTest - ---- Starting test [verifyTheRecentlyViewed] on thread [1] ----
2026-08-13 12:14:45 INFO  DriverFactory - Initializing WebDriver | browser=[chrome] | headless=[false] | thread=[1]
2026-08-13 12:14:46 INFO  WebDriverManager - Using chromedriver 151.0.7922.138 (resolved driver for Chrome 151)
2026-08-13 12:14:46 INFO  WebDriverManager - Exporting webdriver.chrome.driver as C:\Users\Yashasa\.cache\selenium\chromedriver\win64\151.0.7922.138\chromedriver.exe
2026-08-13 12:14:47 INFO  DriverFactory - WebDriver ready | browser=[chrome] | thread=[1]
2026-08-13 12:14:47 INFO  BaseTest - Navigating to application URL: [https://www.zomato.com/bangalore/restaurants]
2026-08-13 12:14:50 INFO  BasePage - Switched to authentication iframe: [By.cssSelector: iframe#auth-login-ui, iframe[src*='accounts.zomato.com'], iframe[id*='auth']]
2026-08-13 12:15:21 INFO  BasePage - Fetching OTP from Gmail via IMAP...
2026-08-13 12:15:21 INFO  EmailUtils - Polling Gmail inbox [contact.yashasy@gmail.com] for Zomato OTP email (timeout=35s)...
2026-08-13 12:15:26 INFO  EmailUtils - Successfully fetched Zomato OTP from email: [392YBA]
2026-08-13 12:15:28 INFO  BasePage - Entering OTP code: [392YBA]
2026-08-13 12:15:28 INFO  BasePage - Switched back to default content
2026-08-13 12:15:44 INFO  BasePage - Auth iframe is now closed/invisible
2026-08-13 12:16:58 INFO  BasePage - Click on search textfield
2026-08-13 12:17:07 INFO  BasePage - Entering panner
2026-08-13 12:18:13 INFO  BasePage - click on the first resto
2026-08-13 12:18:32 INFO  BasePage - Name of the first resto is Meghana Foods
2026-08-13 12:19:07 INFO  BasePage - Clicking on Recently Viewed header
2026-08-13 12:19:08 INFO  BasePage - Verifying restaurant [Meghana Foods] is displayed under Recently Viewed section...
2026-08-13 12:24:31 INFO  Utils - [Utils] MethodGroupsHelper.collectMethodsByGroup() took 3 ms.
2026-08-13 12:24:31 INFO  Utils - [Utils] MethodGroupsHelper.sortMethods() took 8 ms.
2026-08-13 12:24:31 INFO  Utils - [Utils] MethodGroupsHelper.collectMethodsByGroup() took 0 ms.
2026-08-13 12:24:31 INFO  Utils - [Utils] MethodGroupsHelper.sortMethods() took 0 ms.
2026-08-13 12:24:31 INFO  Utils - [Utils] MethodGroupsHelper.collectMethodsByGroup() took 0 ms.
2026-08-13 12:24:31 INFO  Utils - [Utils] MethodGroupsHelper.sortMethods() took 0 ms.
2026-08-13 12:24:31 INFO  Utils - [Utils] MethodGroupsHelper.collectMethodsByGroup() took 0 ms.
2026-08-13 12:24:31 INFO  Utils - [Utils] MethodGroupsHelper.sortMethods() took 0 ms.
2026-08-13 12:24:31 INFO  Utils - [Utils] MethodGroupsHelper.collectMethodsByGroup() took 0 ms.
2026-08-13 12:24:31 INFO  Utils - [Utils] MethodGroupsHelper.sortMethods() took 0 ms.
2026-08-13 12:24:31 INFO  Utils - [Utils] MethodGroupsHelper.collectMethodsByGroup() took 0 ms.
2026-08-13 12:24:31 INFO  Utils - [Utils] MethodGroupsHelper.sortMethods() took 0 ms.
2026-08-13 12:24:31 INFO  Utils - [Utils] MethodGroupsHelper.collectMethodsByGroup() took 0 ms.
2026-08-13 12:24:31 INFO  Utils - [Utils] MethodGroupsHelper.sortMethods() took 0 ms.
2026-08-13 12:24:31 INFO  Utils - [Utils] MethodGroupsHelper.collectMethodsByGroup() took 0 ms.
2026-08-13 12:24:31 INFO  Utils - [Utils] MethodGroupsHelper.sortMethods() took 0 ms.
2026-08-13 12:24:31 INFO  Utils - [Utils] MethodGroupsHelper.collectMethodsByGroup() took 0 ms.
2026-08-13 12:24:31 INFO  Utils - [Utils] MethodGroupsHelper.sortMethods() took 0 ms.
2026-08-13 12:24:31 INFO  Utils - [Utils] MethodGroupsHelper.collectMethodsByGroup() took 0 ms.
2026-08-13 12:24:31 INFO  Utils - [Utils] MethodGroupsHelper.sortMethods() took 0 ms.
2026-08-13 12:24:31 INFO  Utils - [Utils] MethodGroupsHelper.collectMethodsByGroup() took 0 ms.
2026-08-13 12:24:31 INFO  Utils - [Utils] MethodGroupsHelper.sortMethods() took 0 ms.
2026-08-13 12:24:31 INFO  Utils - [Utils] MethodGroupsHelper.collectMethodsByGroup() took 0 ms.
2026-08-13 12:24:31 INFO  Utils - [Utils] MethodGroupsHelper.sortMethods() took 0 ms.
2026-08-13 12:24:31 INFO  Utils - [Utils] MethodGroupsHelper.collectMethodsByGroup() took 4 ms.
2026-08-13 12:24:31 INFO  Utils - [Utils] MethodGroupsHelper.sortMethods() took 1 ms.
2026-08-13 12:24:31 INFO  Utils - [Utils] MethodGroupsHelper.collectMethodsByGroup() took 0 ms.
2026-08-13 12:24:31 INFO  Utils - [Utils] MethodGroupsHelper.sortMethods() took 0 ms.
2026-08-13 12:24:31 INFO  Utils - [Utils] MethodGroupsHelper.collectMethodsByGroup() took 0 ms.
2026-08-13 12:24:31 INFO  Utils - [Utils] MethodGroupsHelper.sortMethods() took 0 ms.
2026-08-13 12:24:31 INFO  Utils - [TestNG] Running:
  C:\Users\Yashasa\AppData\Local\Temp\testng-eclipse-1520911064\testng-customsuite.xml

2026-08-13 12:24:31 INFO  BaseTest - =========================================================
2026-08-13 12:24:31 INFO  PropertyUtils - Loaded base configuration from [C:\Users\Yashasa\eclipse-workspace\zomatoApp\src\main\resources\config.properties]
2026-08-13 12:24:31 INFO  PropertyUtils - Applied environment overrides for [qa] from [C:\Users\Yashasa\eclipse-workspace\zomatoApp\src\main\resources\config-qa.properties]
2026-08-13 12:24:31 INFO  BaseTest -  TEST SUITE EXECUTION STARTED | environment=[qa] | browser=[chrome]
2026-08-13 12:24:31 INFO  BaseTest - =========================================================
2026-08-13 12:24:31 INFO  Utils - [Utils] DynamicGraphHelper.createDynamicGraph() took 3 ms.
2026-08-13 12:24:31 INFO  BaseTest - ---- Starting test [verifyTheRecentlyViewed] on thread [1] ----
2026-08-13 12:24:31 INFO  DriverFactory - Initializing WebDriver | browser=[chrome] | headless=[false] | thread=[1]
2026-08-13 12:24:31 INFO  WebDriverManager - Using chromedriver 151.0.7922.138 (resolved driver for Chrome 151)
2026-08-13 12:24:32 INFO  WebDriverManager - Exporting webdriver.chrome.driver as C:\Users\Yashasa\.cache\selenium\chromedriver\win64\151.0.7922.138\chromedriver.exe
2026-08-13 12:24:34 INFO  DriverFactory - WebDriver ready | browser=[chrome] | thread=[1]
2026-08-13 12:24:34 INFO  BaseTest - Navigating to application URL: [https://www.zomato.com/bangalore/restaurants]
2026-08-13 12:54:33 INFO  BaseTest - =========================================================
2026-08-13 12:54:33 INFO  PropertyUtils - Loaded base configuration from [C:\Users\Yashasa\eclipse-workspace\zomatoApp\src\main\resources\config.properties]
2026-08-13 12:54:33 INFO  PropertyUtils - Applied environment overrides for [qa] from [C:\Users\Yashasa\eclipse-workspace\zomatoApp\src\main\resources\config-qa.properties]
2026-08-13 12:54:33 INFO  BaseTest -  TEST SUITE EXECUTION STARTED | environment=[qa] | browser=[chrome]
2026-08-13 12:54:33 INFO  BaseTest - =========================================================
2026-08-13 12:54:33 INFO  TestListener - TestListener attached | test-tag=[Test] | environment=[qa] | browser=[chrome]
2026-08-13 12:54:33 INFO  BaseTest - ---- Starting test [verifyUserIsAbleToDeleteProfileImage] on thread [1] ----
2026-08-13 12:54:33 INFO  DriverFactory - Initializing WebDriver | browser=[chrome] | headless=[false] | thread=[1]
2026-08-13 12:54:34 INFO  WebDriverManager - Using chromedriver 151.0.7922.138 (resolved driver for Chrome 151)
2026-08-13 12:54:34 INFO  WebDriverManager - Exporting webdriver.chrome.driver as C:\Users\Yashasa\.cache\selenium\chromedriver\win64\151.0.7922.138\chromedriver.exe
2026-08-13 12:54:35 INFO  DriverFactory - WebDriver ready | browser=[chrome] | thread=[1]
2026-08-13 12:54:35 INFO  BaseTest - Navigating to application URL: [https://www.zomato.com/bangalore/restaurants]
2026-08-13 12:54:40 INFO  ExtentManager - ExtentReports initialized. Report will be written to [C:\Users\Yashasa\eclipse-workspace\zomatoApp\reports\ExtentReport.html]
2026-08-13 12:54:40 INFO  TestListener - Test started: [VerifyDeleteProfileImage.verifyUserIsAbleToDeleteProfileImage]
2026-08-13 12:55:11 INFO  EmailUtils - Polling Gmail inbox [contact.yashasy@gmail.com] for Zomato OTP email (timeout=35s)...
2026-08-13 12:55:17 INFO  EmailUtils - Successfully fetched Zomato OTP from email: [TNVK6R]
2026-08-13 12:55:39 INFO  ExtentReport - Test passed in 59114 ms
2026-08-13 12:55:39 INFO  TestListener - Test PASSED: [VerifyDeleteProfileImage.verifyUserIsAbleToDeleteProfileImage] (59114 ms)
2026-08-13 12:55:39 INFO  BaseTest - ---- Starting test [verifyProfileFunctionality] on thread [1] ----
2026-08-13 12:55:39 INFO  DriverFactory - Initializing WebDriver | browser=[chrome] | headless=[false] | thread=[1]
2026-08-13 12:55:39 INFO  WebDriverManager - Using chromedriver 151.0.7922.138 (resolved driver for Chrome 151)
2026-08-13 12:55:39 INFO  WebDriverManager - Exporting webdriver.chrome.driver as C:\Users\Yashasa\.cache\selenium\chromedriver\win64\151.0.7922.138\chromedriver.exe
2026-08-13 12:55:40 INFO  DriverFactory - WebDriver ready | browser=[chrome] | thread=[1]
2026-08-13 12:55:40 INFO  BaseTest - Navigating to application URL: [https://www.zomato.com/bangalore/restaurants]
2026-08-13 12:55:43 INFO  TestListener - Test started: [VerifyTheProfilefunctionality.verifyProfileFunctionality]
2026-08-13 12:56:14 INFO  EmailUtils - Polling Gmail inbox [contact.yashasy@gmail.com] for Zomato OTP email (timeout=35s)...
2026-08-13 12:56:21 INFO  EmailUtils - Successfully fetched Zomato OTP from email: [XT7JSL]
2026-08-13 12:56:43 INFO  ExtentReport - Test passed in 60132 ms
2026-08-13 12:56:43 INFO  TestListener - Test PASSED: [VerifyTheProfilefunctionality.verifyProfileFunctionality] (60132 ms)
2026-08-13 12:56:43 INFO  BaseTest - ---- Starting test [verifyTheRecentlyViewed] on thread [1] ----
2026-08-13 12:56:43 INFO  DriverFactory - Initializing WebDriver | browser=[chrome] | headless=[false] | thread=[1]
2026-08-13 12:56:43 INFO  WebDriverManager - Using chromedriver 151.0.7922.138 (resolved driver for Chrome 151)
2026-08-13 12:56:43 INFO  WebDriverManager - Exporting webdriver.chrome.driver as C:\Users\Yashasa\.cache\selenium\chromedriver\win64\151.0.7922.138\chromedriver.exe
2026-08-13 12:56:44 INFO  DriverFactory - WebDriver ready | browser=[chrome] | thread=[1]
2026-08-13 12:56:44 INFO  BaseTest - Navigating to application URL: [https://www.zomato.com/bangalore/restaurants]
2026-08-13 12:56:49 INFO  TestListener - Test started: [VerifyTheRecentlyViewed.verifyTheRecentlyViewed]
2026-08-13 12:57:21 INFO  EmailUtils - Polling Gmail inbox [contact.yashasy@gmail.com] for Zomato OTP email (timeout=35s)...
2026-08-13 12:57:26 INFO  EmailUtils - Successfully fetched Zomato OTP from email: [43XHFP]
2026-08-13 12:57:49 INFO  ExtentReport - Test passed in 60178 ms
2026-08-13 12:57:49 INFO  TestListener - Test PASSED: [VerifyTheRecentlyViewed.verifyTheRecentlyViewed] (60178 ms)
2026-08-13 12:57:49 INFO  BaseTest - ---- Starting test [validLogin] on thread [1] ----
2026-08-13 12:57:49 INFO  DriverFactory - Initializing WebDriver | browser=[chrome] | headless=[false] | thread=[1]
2026-08-13 12:57:49 INFO  WebDriverManager - Using chromedriver 151.0.7922.138 (resolved driver for Chrome 151)
2026-08-13 12:57:49 INFO  WebDriverManager - Exporting webdriver.chrome.driver as C:\Users\Yashasa\.cache\selenium\chromedriver\win64\151.0.7922.138\chromedriver.exe
2026-08-13 12:57:50 INFO  DriverFactory - WebDriver ready | browser=[chrome] | thread=[1]
2026-08-13 12:57:50 INFO  BaseTest - Navigating to application URL: [https://www.zomato.com/bangalore/restaurants]
2026-08-13 12:57:54 INFO  TestListener - Test started: [LoginToZomato.validLogin]
2026-08-13 12:58:25 INFO  EmailUtils - Polling Gmail inbox [contact.yashasy@gmail.com] for Zomato OTP email (timeout=35s)...
2026-08-13 12:58:31 INFO  EmailUtils - Successfully fetched Zomato OTP from email: [358EXP]
2026-08-13 12:58:51 INFO  ExtentReport - Test passed in 56954 ms
2026-08-13 12:58:51 INFO  TestListener - Test PASSED: [LoginToZomato.validLogin] (56954 ms)
2026-08-13 12:58:51 INFO  BaseTest - ---- Starting test [verifyUserIsAbleToUploadImage] on thread [1] ----
2026-08-13 12:58:51 INFO  DriverFactory - Initializing WebDriver | browser=[chrome] | headless=[false] | thread=[1]
2026-08-13 12:58:51 INFO  WebDriverManager - Using chromedriver 151.0.7922.138 (resolved driver for Chrome 151)
2026-08-13 12:58:51 INFO  WebDriverManager - Exporting webdriver.chrome.driver as C:\Users\Yashasa\.cache\selenium\chromedriver\win64\151.0.7922.138\chromedriver.exe
2026-08-13 12:58:52 INFO  DriverFactory - WebDriver ready | browser=[chrome] | thread=[1]
2026-08-13 12:58:52 INFO  BaseTest - Navigating to application URL: [https://www.zomato.com/bangalore/restaurants]
2026-08-13 12:58:56 INFO  TestListener - Test started: [VerifyUploadImage.verifyUserIsAbleToUploadImage]
2026-08-13 12:59:28 INFO  EmailUtils - Polling Gmail inbox [contact.yashasy@gmail.com] for Zomato OTP email (timeout=35s)...
2026-08-13 12:59:33 INFO  EmailUtils - Successfully fetched Zomato OTP from email: [4DRG9A]
2026-08-13 12:59:55 INFO  ExtentReport - Test passed in 58815 ms
2026-08-13 12:59:55 INFO  TestListener - Test PASSED: [VerifyUploadImage.verifyUserIsAbleToUploadImage] (58815 ms)
2026-08-13 12:59:55 INFO  TestListener - Test tag [Test] finished | passed=[5] failed=[0] skipped=[0]
2026-08-13 12:59:56 INFO  ExtentManager - ExtentReports flushed to disk: [C:\Users\Yashasa\eclipse-workspace\zomatoApp\reports\ExtentReport.html]
2026-08-13 13:05:01 INFO  BaseTest - =========================================================
2026-08-13 13:05:01 INFO  PropertyUtils - Loaded base configuration from [C:\Users\Yashasa\eclipse-workspace\zomatoApp\src\main\resources\config.properties]
2026-08-13 13:05:01 INFO  PropertyUtils - Applied environment overrides for [qa] from [C:\Users\Yashasa\eclipse-workspace\zomatoApp\src\main\resources\config-qa.properties]
2026-08-13 13:05:01 INFO  BaseTest -  TEST SUITE EXECUTION STARTED | environment=[qa] | browser=[chrome]
2026-08-13 13:05:01 INFO  BaseTest - =========================================================
2026-08-13 13:05:01 INFO  BaseTest - ---- Starting test [verifyUserIsAbleToUploadImage] on thread [1] ----
2026-08-13 13:05:01 INFO  DriverFactory - Initializing WebDriver | browser=[chrome] | headless=[false] | thread=[1]
2026-08-13 13:05:01 INFO  WebDriverManager - Using chromedriver 151.0.7922.138 (resolved driver for Chrome 151)
2026-08-13 13:05:01 INFO  WebDriverManager - Exporting webdriver.chrome.driver as C:\Users\Yashasa\.cache\selenium\chromedriver\win64\151.0.7922.138\chromedriver.exe
2026-08-13 13:05:03 INFO  DriverFactory - WebDriver ready | browser=[chrome] | thread=[1]
2026-08-13 13:05:03 INFO  BaseTest - Navigating to application URL: [https://www.zomato.com/bangalore/restaurants]
2026-08-13 13:05:38 INFO  EmailUtils - Polling Gmail inbox [contact.yashasy@gmail.com] for Zomato OTP email (timeout=35s)...
2026-08-13 13:05:43 INFO  EmailUtils - Successfully fetched Zomato OTP from email: [NZTJBD]
2026-08-13 13:12:18 INFO  BaseTest - =========================================================
2026-08-13 13:12:18 INFO  PropertyUtils - Loaded base configuration from [C:\Users\Yashasa\eclipse-workspace\zomatoApp\src\main\resources\config.properties]
2026-08-13 13:12:18 INFO  PropertyUtils - Applied environment overrides for [qa] from [C:\Users\Yashasa\eclipse-workspace\zomatoApp\src\main\resources\config-qa.properties]
2026-08-13 13:12:18 INFO  BaseTest -  TEST SUITE EXECUTION STARTED | environment=[qa] | browser=[chrome]
2026-08-13 13:12:18 INFO  BaseTest - =========================================================
2026-08-13 13:12:18 INFO  BaseTest - ---- Starting test [verifyTheRecentlyViewed] on thread [1] ----
2026-08-13 13:12:18 INFO  DriverFactory - Initializing WebDriver | browser=[chrome] | headless=[false] | thread=[1]
2026-08-13 13:12:18 INFO  WebDriverManager - Using chromedriver 151.0.7922.138 (resolved driver for Chrome 151)
2026-08-13 13:12:18 INFO  WebDriverManager - Exporting webdriver.chrome.driver as C:\Users\Yashasa\.cache\selenium\chromedriver\win64\151.0.7922.138\chromedriver.exe
2026-08-13 13:12:19 INFO  DriverFactory - WebDriver ready | browser=[chrome] | thread=[1]
2026-08-13 13:12:19 INFO  BaseTest - Navigating to application URL: [https://www.zomato.com/bangalore/restaurants]
2026-08-13 13:12:54 INFO  EmailUtils - Polling Gmail inbox [contact.yashasy@gmail.com] for Zomato OTP email (timeout=35s)...
2026-08-13 13:13:01 WARN  EmailUtils - Polling email attempt failed: * BYE JavaMail Exception: java.net.SocketTimeoutException: Read timed out
2026-08-13 13:13:09 INFO  EmailUtils - Successfully fetched Zomato OTP from email: [UJ7BKZ]
